Started HTTP and WebSocket JSON-RPC server at http://127.0.0.1:8545/

Accounts
========

WARNING: These accounts, and their private keys, are publicly known.
Any funds sent to them on Mainnet or any other live network WILL BE LOST.

Account #0: 0xf39Fd6e51aad88F6F4ce6aB8827279cffFb92266 (10000 ETH)
Private Key: 0xac0974bec39a17e36ba4a6b4d238ff944bacb478cbed5efcae784d7bf4f2ff80

Account #1: 0x70997970C51812dc3A010C7d01b50e0d17dc79C8 (10000 ETH)
Private Key: 0x59c6995e998f97a5a0044966f0945389dc9e86dae88c7a8412f4603b6b78690d

Account #2: 0x3C44CdDdB6a900fa2b585dd299e03d12FA4293BC (10000 ETH)
Private Key: 0x5de4111afa1a4b94908f83103eb1f1706367c2e68ca870fc3fb9a804cdab365a

Account #3: 0x90F79bf6EB2c4f870365E785982E1f101E93b906 (10000 ETH)
Private Key: 0x7c852118294e51e653712a81e05800f419141751be58f605c371e15141b007a6

Account #4: 0x15d34AAf54267DB7D7c367839AAf71A00a2C6A65 (10000 ETH)
Private Key: 0x47e179ec197488593b187f80a00eb0da91f1b9d0b13f8733639f19c30a34926a

Account #5: 0x9965507D1a55bcC2695C58ba16FB37d819B0A4dc (10000 ETH)
Private Key: 0x8b3a350cf5c34c9194ca85829a2df0ec3153be0318b5e2d3348e872092edffba

Account #6: 0x976EA74026E726554dB657fA54763abd0C3a0aa9 (10000 ETH)
Private Key: 0x92db14e403b83dfe3df233f83dfa3a0d7096f21ca9b0d6d6b8d88b2b4ec1564e

Account #7: 0x14dC79964da2C08b23698B3D3cc7Ca32193d9955 (10000 ETH)
Private Key: 0x4bbbf85ce3377467afe5d46f804f221813b2bb87f24d81f60f1fcdbf7cbf4356

Account #8: 0x23618e81E3f5cdF7f54C3d65f7FBc0aBf5B21E8f (10000 ETH)
Private Key: 0xdbda1821b80551c9d65939329250298aa3472ba22feea921c0cf5d620ea67b97

Account #9: 0xa0Ee7A142d267C1f36714E4a8F75612F20a79720 (10000 ETH)
Private Key: 0x2a871d0798f97d79848a013d4936a73bf4cc922c825d33c1cf7073dff6d409c6

Account #10: 0xBcd4042DE499D14e55001CcbB24a551F3b954096 (10000 ETH)
Private Key: 0xf214f2b2cd398c806f84e317254e0f0b801d0643303237d97a22a48e01628897

Account #11: 0x71bE63f3384f5fb98995898A86B02Fb2426c5788 (10000 ETH)
Private Key: 0x701b615bbdfb9de65240bc28bd21bbc0d996645a3dd57e7b12bc2bdf6f192c82

Account #12: 0xFABB0ac9d68B0B445fB7357272Ff202C5651694a (10000 ETH)
Private Key: 0xa267530f49f8280200edf313ee7af6b827f2a8bce2897751d06a843f644967b1

Account #13: 0x1CBd3b2770909D4e10f157cABC84C7264073C9Ec (10000 ETH)
Private Key: 0x47c99abed3324a2707c28affff1267e45918ec8c3f20b8aa892e8b065d2942dd

Account #14: 0xdF3e18d64BC6A983f673Ab319CCaE4f1a57C7097 (10000 ETH)
Private Key: 0xc526ee95bf44d8fc405a158bb884d9d1238d99f0612e9f33d006bb0789009aaa

Account #15: 0xcd3B766CCDd6AE721141F452C550Ca635964ce71 (10000 ETH)
Private Key: 0x8166f546bab6da521a8369cab06c5d2b9e46670292d85c875ee9ec20e84ffb61

Account #16: 0x2546BcD3c84621e976D8185a91A922aE77ECEc30 (10000 ETH)
Private Key: 0xea6c44ac03bff858b476bba40716402b03e41b8e97e276d1baec7c37d42484a0

Account #17: 0xbDA5747bFD65F08deb54cb465eB87D40e51B197E (10000 ETH)
Private Key: 0x689af8efa8c651a91ad287602527f3af2fe9f6501a7ac4b061667b5a93e037fd

Account #18: 0xdD2FD4581271e230360230F9337D5c0430Bf44C0 (10000 ETH)
Private Key: 0xde9be858da4a475276426320d5e9262ecfc3ba460bfac56360bfa6c4c28b4ee0

Account #19: 0x8626f6940E2eb28930eFb4CeF49B2d1F2C9C1199 (10000 ETH)
Private Key: 0xdf57089febbacf7ba0bc227dafbffa9fc08a93fdc68e1e42411a14efcf23656e

WARNING: These accounts, and their private keys, are publicly known.
Any funds sent to them on Mainnet or any other live network WILL BE LOST.

eth_chainId
eth_accounts
hardhat_metadata (20)
eth_blockNumber
eth_getBlockByNumber
eth_feeHistory
eth_maxPriorityFeePerGas
eth_sendTransaction
  Contract deployment: SampleCoin
  Contract address:    0x5fbdb2315678afecb367f032d93f642f64180aa3
  Transaction:         0x069decf288b16cb5ea39a228d7a1fd5154fdfa43f4ea48f1cfa95afeffca2f85
  From:                0xf39fd6e51aad88f6f4ce6ab8827279cfffb92266
  Value:               0 ETH
  Gas used:            654180 of 30000000
  Block #1:            0xf849266d9bc0e6c791df6d9707d78e284a0c41e26c9b8c3f1d62cc42cdb3f2fa

eth_getTransactionByHash
eth_getTransactionReceipt
eth_blockNumber
eth_accounts
hardhat_metadata (20)
eth_blockNumber
eth_feeHistory
eth_sendTransaction
  Contract deployment: MilesToken
  Contract address:    0xe7f1725e7734ce288f8367e1bb143e90bb3f0512
  Transaction:         0xf9e362aba92da02aefed131fb37a07b1734635ced20247b34f4cc09fb9ff4c24
  From:                0xf39fd6e51aad88f6f4ce6ab8827279cfffb92266
  Value:               0 ETH
  Gas used:            1119477 of 30000000
  Block #2:            0xf7db32485b9a5121736fb8452d64e7a4e28a102b19238f7e5b620b47949388be

eth_getTransactionByHash
eth_getTransactionReceipt
eth_blockNumber
eth_accounts
hardhat_metadata (20)
eth_blockNumber
eth_feeHistory
eth_sendTransaction
  Contract deployment: Miles2Coins
  Contract address:    0x9fe46736679d2d9a65f0992f2272de9f3c7fa6e0
  Transaction:         0x6c596956cf3509663ce82bc5b947c54ec4f76967ef69423ee1f486f64a174ef8
  From:                0xf39fd6e51aad88f6f4ce6ab8827279cfffb92266
  Value:               0 ETH
  Gas used:            910807 of 30000000
  Block #3:            0x68e9ec5a26f7650609df9ec0bd0f1ff529e3d80e21e2d7bc17413612bad077b0

eth_getTransactionByHash
eth_getTransactionReceipt
eth_blockNumber
eth_accounts
hardhat_metadata (20)
eth_blockNumber
eth_feeHistory
eth_sendTransaction
  Contract call:       MilesToken#mint
  Transaction:         0xbf36477f988cdcf7253ae7f2409b8b7404751f0efe21ccdbdeee5006973728de
  From:                0xf39fd6e51aad88f6f4ce6ab8827279cfffb92266
  To:                  0xe7f1725e7734ce288f8367e1bb143e90bb3f0512
  Value:               0 ETH
  Gas used:            52534 of 30000000
  Block #4:            0x629d4f0ca71b747b03d45d6543c03b192728ba000093e961088a8663bb16046f

eth_getTransactionByHash
eth_getTransactionReceipt
eth_blockNumber
eth_accounts
hardhat_metadata (20)
eth_blockNumber
eth_feeHistory
eth_sendTransaction
  Contract call:       SampleCoin#mint
  Transaction:         0x2eb8c230b3e10c122d7ed6e267ad8f4b347c4bb29626afb4f833ccc99f6c7ef8
  From:                0xf39fd6e51aad88f6f4ce6ab8827279cfffb92266
  To:                  0x5fbdb2315678afecb367f032d93f642f64180aa3
  Value:               0 ETH
  Gas used:            70614 of 30000000
  Block #5:            0xe8946c61a26a606a0438d9898546b351e2af6fc5b392555004277e0b0c6c8e84

eth_getTransactionByHash
eth_getTransactionReceipt
eth_blockNumber
eth_accounts
hardhat_metadata (20)
eth_accounts
hardhat_metadata (20)
eth_accounts
hardhat_metadata (20)
eth_call
  Contract call:       MilesToken#balanceOf
  From:                0xf39fd6e51aad88f6f4ce6ab8827279cfffb92266
  To:                  0xe7f1725e7734ce288f8367e1bb143e90bb3f0512

eth_call
  Contract call:       MilesToken#balanceOf
  From:                0xf39fd6e51aad88f6f4ce6ab8827279cfffb92266
  To:                  0xe7f1725e7734ce288f8367e1bb143e90bb3f0512

eth_call
  Contract call:       SampleCoin#balanceOf
  From:                0xf39fd6e51aad88f6f4ce6ab8827279cfffb92266
  To:                  0x5fbdb2315678afecb367f032d93f642f64180aa3

eth_call
  Contract call:       SampleCoin#balanceOf
  From:                0xf39fd6e51aad88f6f4ce6ab8827279cfffb92266
  To:                  0x5fbdb2315678afecb367f032d93f642f64180aa3

eth_accounts
hardhat_metadata (20)
eth_accounts
hardhat_metadata (20)
eth_accounts
hardhat_metadata (20)
eth_accounts
hardhat_metadata (20)
eth_blockNumber
eth_feeHistory
eth_sendTransaction
  Contract call:       MilesToken#setApprovalForAll
  Transaction:         0xb8535feb4d4ba76c0434e838588673498e97ac92cb0d4e5d8e0c83959d70bb6a
  From:                0x70997970c51812dc3a010c7d01b50e0d17dc79c8
  To:                  0xe7f1725e7734ce288f8367e1bb143e90bb3f0512
  Value:               0 ETH
  Gas used:            46153 of 30000000
  Block #6:            0x8fd03203a8ccba0e0d3d3e2a6ea0da652b16624e4632a43e002c3a74c7a75ab6

eth_getTransactionByHash
eth_blockNumber
eth_feeHistory
eth_sendTransaction
  Contract call:       Miles2Coins#placeOffer
  Transaction:         0x5865e6172e0a5aeec33da5e91ff53c751c35ce484ee234d2380fb9771f6e0fe8
  From:                0x70997970c51812dc3a010c7d01b50e0d17dc79c8
  To:                  0x9fe46736679d2d9a65f0992f2272de9f3c7fa6e0
  Value:               0 ETH
  Gas used:            165253 of 30000000
  Block #7:            0xeef14e4bf681f8aed089278d020a2182881fea8bbb64f29be11928e601a888c7

eth_getTransactionByHash
eth_getTransactionReceipt
eth_blockNumber
eth_accounts
hardhat_metadata (20)
eth_call
  Contract call:       Miles2Coins#lastOfferId
  From:                0xf39fd6e51aad88f6f4ce6ab8827279cfffb92266
  To:                  0x9fe46736679d2d9a65f0992f2272de9f3c7fa6e0

eth_call
  Contract call:       Miles2Coins#offers
  From:                0xf39fd6e51aad88f6f4ce6ab8827279cfffb92266
  To:                  0x9fe46736679d2d9a65f0992f2272de9f3c7fa6e0

eth_accounts
hardhat_metadata (20)
eth_accounts
hardhat_metadata (20)
eth_accounts
hardhat_metadata (20)
eth_accounts
hardhat_metadata (20)
eth_call
  Contract call:       Miles2Coins#offers
  From:                0xf39fd6e51aad88f6f4ce6ab8827279cfffb92266
  To:                  0x9fe46736679d2d9a65f0992f2272de9f3c7fa6e0

eth_blockNumber
eth_feeHistory
eth_sendTransaction
  Contract call:       SampleCoin#approve
  Transaction:         0xbeae47b7416ba50824b5b6d332212621c53a43e885e18473a2c011fc7032fa26
  From:                0x3c44cdddb6a900fa2b585dd299e03d12fa4293bc
  To:                  0x5fbdb2315678afecb367f032d93f642f64180aa3
  Value:               0 ETH
  Gas used:            46346 of 30000000
  Block #8:            0x1e60582325afb5775b164b3e3f6edb949da61660c0ff3d18daa98b9074038846

eth_getTransactionByHash
eth_blockNumber
eth_feeHistory
eth_sendTransaction
  Contract call:       Miles2Coins#acceptOffer
  Transaction:         0x6499325a0c503fe87988857983a2b635c8f0d5d82036dd4fdc9e0a0363a92cea
  From:                0x3c44cdddb6a900fa2b585dd299e03d12fa4293bc
  To:                  0x9fe46736679d2d9a65f0992f2272de9f3c7fa6e0
  Value:               0 ETH
  Gas used:            109773 of 30000000
  Block #9:            0x0d546fe47c2ba3d0d6b5a4dc52da9c37c115cdcd496de062bb760fb3eaec3aad

eth_getTransactionByHash
eth_getTransactionReceipt
eth_blockNumber
eth_accounts
hardhat_metadata (20)
eth_accounts
hardhat_metadata (20)
eth_accounts
hardhat_metadata (20)
eth_call
  Contract call:       MilesToken#balanceOf
  From:                0xf39fd6e51aad88f6f4ce6ab8827279cfffb92266
  To:                  0xe7f1725e7734ce288f8367e1bb143e90bb3f0512

eth_call
  Contract call:       MilesToken#balanceOf
  From:                0xf39fd6e51aad88f6f4ce6ab8827279cfffb92266
  To:                  0xe7f1725e7734ce288f8367e1bb143e90bb3f0512

eth_call
  Contract call:       SampleCoin#balanceOf
  From:                0xf39fd6e51aad88f6f4ce6ab8827279cfffb92266
  To:                  0x5fbdb2315678afecb367f032d93f642f64180aa3

eth_call
  Contract call:       SampleCoin#balanceOf
  From:                0xf39fd6e51aad88f6f4ce6ab8827279cfffb92266
  To:                  0x5fbdb2315678afecb367f032d93f642f64180aa3

eth_chainId
eth_blockNumber
eth_chainId
eth_getBlockByNumber
eth_chainId
eth_getBlockByNumber
eth_chainId
eth_getTransactionByHash
eth_chainId
eth_getBlockByNumber
eth_chainId
eth_getTransactionByHash
eth_chainId
eth_getBlockByNumber
eth_chainId
eth_getTransactionByHash
eth_chainId
eth_getBlockByNumber
eth_chainId
eth_getTransactionByHash
eth_chainId
eth_getBlockByNumber
eth_chainId
eth_getTransactionByHash
eth_chainId
eth_getBlockByNumber
eth_chainId
eth_getTransactionByHash
eth_chainId
eth_getBlockByNumber
eth_chainId
eth_getTransactionByHash
eth_chainId
eth_getBlockByNumber
eth_chainId
eth_getTransactionByHash
eth_chainId
eth_getBlockByNumber
eth_chainId
eth_getTransactionByHash