Server running on port 3000
Connected to network: unknown (chainId: 1337)
SampleCoin deployed at: 0x5FbDB2315678afecb367f032d93F642f64180aa3
MilesToken deployed at: 0xe7f1725E7734CE288F8367e1Bb143E90bb3F0512
Miles2Coins deployed at: 0x9fE46736679d2D9a65F0992F2272dE9f3c7fa6e0
Account: HardhatEthersSigner {
  _gasLimit: 30000000,
  address: '0x3C44CdDdB6a900fa2b585dd299e03d12FA4293BC',
  provider: HardhatEthersProvider {
    _hardhatProvider: LazyInitializationProviderAdapter {
      _providerFactory: [AsyncFunction (anonymous)],
      _emitter: [EventEmitter],
      _initializingPromise: [Promise],
      provider: [BackwardsCompatibilityProviderAdapter]
    },
    _networkName: 'localhost',
    _blockListeners: [],
    _transactionHashListeners: Map(0) {},
    _eventListeners: []
  }
}